========================================
Monitoring Time: 2026-09-09 18:24:40
CPU Usage: 3%
RAM Usage: 19%
Disk Usage: 22%
Server Uptime: up 7 minutes
========================================
Monitoring Time: 2026-09-09 18:27:05
CPU Usage: 100%
RAM Usage: 19%
Disk Usage: 22%
Server Uptime: up 9 minutes
SSH Service: active
========================================
Monitoring Time: 2026-09-09 18:32:11
CPU Usage: 54%
RAM Usage: 19%
Disk Usage: 22%
Server Uptime: up 15 minutes
SSH Service: active
========================================
Monitoring Time: 2026-09-09 18:35:01
CPU Usage: 6%
RAM Usage: 20%
Disk Usage: 22%
Server Uptime: up 17 minutes
SSH Service: active
========================================
Monitoring Time: 2026-09-09 18:38:23
CPU Usage: 100%
RAM Usage: 20%
Disk Usage: 22%
Server Uptime: up 21 minutes
SSH Service: active
========================================
Monitoring Time: 2026-09-09 18:39:44
CPU Usage: 51%
RAM Usage: 20%
Disk Usage: 22%
Server Uptime: up 22 minutes
SSH Service: active
========================================
Monitoring Time: 2026-09-09 18:40:02
CPU Usage: 59%
RAM Usage: 20%
Disk Usage: 22%
Server Uptime: up 22 minutes
SSH Service: active
========================================
Monitoring Time: 2026-09-09 18:45:01
CPU Usage: 63%
RAM Usage: 20%
Disk Usage: 22%
Server Uptime: up 27 minutes
SSH Service: active
========================================
Monitoring Time: 2026-09-09 18:50:02
CPU Usage: 62%
RAM Usage: 21%
Disk Usage: 23%
Server Uptime: up 32 minutes
SSH Service: active
